// Jest Snapshot v1, https://goo.gl/fbAQLP

exports[`With Snapshot Testing ProductGrid shows "Create Next App" 1`] = `
<div>
  <main>
    <h1>
      Dishwashers
    </h1>
    <section />
  </main>
</div>
`;
